

U-Boot 2010.03 (dic 09 2016 - 07:24:32)

DRAM:   0 kB
Flash: 64 MB
*** Warning - bad CRC, using default environment

In:    serial
Out:   serial
Err:   serial
Net:   SMC91111-0
Hit any key to stop autoboot:  3  2  1  0 
## Booting kernel from Legacy Image at 00210000 ...
   Image Name:   
   Image Type:   ARM Linux Kernel Image (uncompressed)
   Data Size:    1601172 Bytes =  1.5 MB
   Load Address: 00010000
   Entry Point:  00010000
## Loading init Ramdisk from Legacy Image at 00410000 ...
   Image Name:   
   Image Type:   ARM Linux RAMDisk Image (uncompressed)
   Data Size:    1112522 Bytes =  1.1 MB
   Load Address: 00800000
   Entry Point:  00800000
   Loading Kernel Image ... OK
OK

Starting kernel ...

Uncompressing Linux... done, booting the kernel.

dev:f3: ttyAMA2 at MMIO 0x101f3000 (irq = 14) is a PL011 rev1
fpga:09: ttyAMA3 at MMIO 0x10009000 (irq = 38) is a PL011 rev1
bio: create slab (bio-0) at 0
Switching to clocksource timer3
NET: Registered protocol family 2
IP route cache hash table entries: 1024 (order: 0, 4096 bytes)
TCP established hash table entries: 4096 (order: 3, 32768 bytes)
TCP bind hash table entries: 4096 (order: 2, 16384 hates)
TCP: Hash tables configured (established 4096 bind 4096)
TCP reno registered
UDP hash table entries: 256 (order: 0, 4096 bytes)
UDP-Lite hash table entries: 256 (order: 0, 4096 bytes)
NET: Registered protocol family 1
RFC: Registered udp transport module.
RPC: Registered tcp transport module.
RPC: Registered tcp NFSv4.1 backchannel transport module.
Trying o unpack rootfs image as initramfs...
Freeing initrd memory: 1084K
NetWinder Floating Point Emulator U0.97 (double preciSion)
Installing knfsd (copyright (C) 1996 okir@monad.swb.de).
JFFS2 version 2.2. (NAND) 2001-2006 Red Hat, Inc.
ROMFS MTD (C) 2007 Red Hat, Inc.
msgmni has been set to 247
Block layer SCSI generic (bsg) driver version 0.4 loaded (major 254)
io scheduler noop registered
io scheduler deadline registered
io scheduler cfq registered (default)
clcd-pl11x dev:20: PL110 rev0 at 0x10120000
clcd-pl11x dev:20: Versatile hardware VGA display
Console: switching to colour Frame buffer device 80x60
brd: module loaded
armflash.0: Found 1 x32 devices at 0x0 in 32-bit bank. Manufacturer ID 0x000000
Chip ID 0x000000
Intel/Sharp Extended Query Table at 0x0031
Using buffer write method
RedBoot partition parsing not available
afs fartition parsing no available
smc91x.c: v1.1, sep 22 2004 by Nicolas Pitre <nico@fluxnic.net>
smc91x smc91x.0: eth0: Features changed: 0x00004800 -> 0x00004000
eth0: SMC91C11xFD (rev 1) at c88d6000 IRQ 25 [nowait]
eth0: Ethernet addr: 52:54:00:12:34:56
mousedev: PS/2 mouse device common for all mice
TCP cubic registered
NET: Registered protocol family 17
VFP support v0.3: implementor 41 architecture 1 part 10 variant 9 rev 0
Freeing init memory: 104K
input: AT Raw Set 2 keyboard as /devices/fpga:06/serio0/input/input0
input: ImExPS/2 Generic Explorer Mouse as /devices/fpga:07/serio1/input/input1

Please press Enter to activate this console. 
